432 identical-prompt pairs
{
 "response_a": {
  "n_pairs": 144,
  "sigma2_decoder": 0.011088279968488303,
  "sigma2_decoder_ci": [
   0.005971562075077701,
   0.017060967581800916
  ],
  "sigma2_total": 0.037323016489683156,
  "sigma2_total_ci": [
   0.02467730355100147,
   0.050380988369269616
  ],
  "sigma2_scenario": 0.026234736521194853,
  "sigma2_scenario_ci": [
   0.012229647402173445,
   0.040367698587099626
  ],
  "decoder_share": 0.29708959809165825,
  "decoder_share_ci": [
   0.1517574230570053,
   0.5358010503650974
  ],
  "identical_score_pairs": 118
 },
 "response_b": {
  "n_pairs": 144,
  "sigma2_decoder": 0.010641180771389104,
  "sigma2_decoder_ci": [
   0.007703551777119487,
   0.01360884216092549
  ],
  "sigma2_total": 0.05186086290252957,
  "sigma2_total_ci": [
   0.03826982431149099,
   0.06486405723905724
  ],
  "sigma2_scenario": 0.04121968213114047,
  "sigma2_scenario_ci": [
   0.02782203714495381,
   0.0541465497995446
  ],
  "decoder_share": 0.2051871136696815,
  "decoder_share_ci": [
   0.14359213501149604,
   0.2949122229833226
  ],
  "identical_score_pairs": 105
 },
 "response_c": {
  "n_pairs": 144,
  "sigma2_decoder": 0.01057297736985237,
  "sigma2_decoder_ci": [
   0.006531460437710437,
   0.015216265216265217
  ],
  "sigma2_total": 0.028063919105585772,
  "sigma2_total_ci": [
   0.01749000420875421,
   0.041708214624881265
  ],
  "sigma2_scenario": 0.0174909417357334,
  "sigma2_scenario_ci": [
   0.006806505729031773,
   0.03070387400986358
  ],
  "decoder_share": 0.37674628871588894,
  "decoder_share_ci": [
   0.22359371468097228,
   0.6403483266967854
  ],
  "identical_score_pairs": 113
 },
 "pooled": {
  "n_pairs": 432,
  "sigma2_decoder": 0.010719519367104923,
  "sigma2_decoder_ci": [
   0.008229326876885748,
   0.013432623015191008
  ],
  "sigma2_total": 0.03951653251601692,
  "sigma2_total_ci": [
   0.03217472137482933,
   0.04711168936724815
  ],
  "sigma2_scenario": 0.028797013148911994,
  "sigma2_scenario_ci": [
   0.021322473221340225,
   0.03664870081839057
  ],
  "decoder_share": 0.2712666998998474,
  "decoder_share_ci": [
   0.2025712446018143,
   0.36204741297159815
  ],
  "identical_score_pairs": 336
 }
}
       arm  k_samples_per_cell  sigma_eff  n_scenarios_for_2.6pp_80pct_power
response_a                   1     0.1932                           432.8587
response_a                   2     0.1783                           368.5598
response_a                   3     0.1730                           347.1268
response_a                   5     0.1687                           329.9804
response_b                   1     0.2277                           601.4633
response_b                   2     0.2157                           539.7570
response_b                   3     0.2116                           519.1883
response_b                   5     0.2082                           502.7333
response_c                   1     0.1675                           325.4750
response_c                   2     0.1509                           264.1643
response_c                   3     0.1450                           243.7274
response_c                   5     0.1400                           227.3778
    pooled                   1     0.1988                           458.2982
    pooled                   2     0.1848                           396.1377
    pooled                   3     0.1799                           375.4175
    pooled                   5     0.1759                           358.8414
