468 answers, 468 scored

== validation by family ==
                        n  history    tokens  closure_ratio_median  cosine_ratio_median  gate_pass_final  gate_pass_first  attempts_mean
family                                                                                                                                  
long_noisy_side_thread  7   43.714  6370.286                 0.077                0.657              1.0            0.143          2.571
new_root                8   40.875  6718.250                 0.000                  NaN              1.0            1.000          1.250
resume                  8   47.250  8033.250                 0.102                0.759              1.0            0.500          1.750
three_way_join          8   43.000  6268.750                 0.246                0.696              1.0            0.500          1.750
two_branch_join         8   45.125  5883.000                 0.188                0.752              1.0            0.750          1.875

== comparisons ==
     model                          a                          b  n  q_diff  q_ci_low  q_ci_high     se  tok_ratio  tok_ratio_ci_low  tok_ratio_ci_high                    pooled_models
response_a                 oracle_dag               full_history 39 -0.3748   -0.5026    -0.2513 0.0652     0.1283            0.0981             0.1599                                 
response_a                 oracle_dag semantic_retrieval@matched 39 -0.2094   -0.3312    -0.0897 0.0615     1.0340            1.0222             1.0467                                 
response_a                 oracle_dag    semantic_retrieval@1024 39 -0.0795   -0.2013     0.0346 0.0600     0.8813            0.6864             1.0767                                 
response_a semantic_retrieval@matched               full_history 39 -0.1654   -0.2795    -0.0577 0.0567     0.1240            0.0954             0.1555                                 
response_a    semantic_retrieval@1024               full_history 39 -0.2953   -0.4120    -0.1838 0.0596     0.1455            0.1357             0.1572                                 
response_b                 oracle_dag               full_history 39 -0.0692   -0.1667     0.0193 0.0484     0.1283            0.0992             0.1602                                 
response_b                 oracle_dag semantic_retrieval@matched 39 -0.0269   -0.1282     0.0692 0.0506     1.0340            1.0221             1.0468                                 
response_b                 oracle_dag    semantic_retrieval@1024 39  0.0406   -0.0833     0.1594 0.0632     0.8813            0.6839             1.0767                                 
response_b semantic_retrieval@matched               full_history 39 -0.0423   -0.1154     0.0257 0.0363     0.1240            0.0942             0.1553                                 
response_b    semantic_retrieval@1024               full_history 39 -0.1098   -0.2167    -0.0158 0.0522     0.1455            0.1352             0.1571                                 
response_c                 oracle_dag               full_history 39 -0.0333   -0.0962     0.0179 0.0290     0.1283            0.0983             0.1592                                 
response_c                 oracle_dag semantic_retrieval@matched 39  0.0090   -0.0718     0.0821 0.0401     1.0340            1.0222             1.0467                                 
response_c                 oracle_dag    semantic_retrieval@1024 39  0.0726    0.0051     0.1453 0.0364     0.8813            0.6888             1.0796                                 
response_c semantic_retrieval@matched               full_history 39 -0.0423   -0.0910     0.0013 0.0236     0.1240            0.0946             0.1550                                 
response_c    semantic_retrieval@1024               full_history 39 -0.1060   -0.1846    -0.0376 0.0384     0.1455            0.1356             0.1572                                 
    pooled                 oracle_dag               full_history 39 -0.1591   -0.2174    -0.1013 0.0304     0.1283            0.0983             0.1605 response_a,response_b,response_c
    pooled                 oracle_dag semantic_retrieval@matched 39 -0.0758   -0.1422    -0.0108 0.0338     1.0340            1.0219             1.0465 response_a,response_b,response_c

== arms ==
     model                        arm  n  context_tokens  context_precision  irrelevant_context_ratio  context_recall  distractor_leakage  output_tokens  checklist  q_ci_low  q_ci_high  token_ratio_vs_full
response_a               full_history 39       6662.0000             0.1341                    0.8612          1.0000              0.1282       289.9487     0.9500    0.8923     0.9949               1.0000
response_a                 oracle_dag 39        854.5128             1.0000                    0.0000          1.0000              0.3333       332.1795     0.5752    0.4534     0.6987               0.1283
response_a    semantic_retrieval@1024 39        969.6154             0.3811                    0.6110          0.6008              0.2051       282.4359     0.6547    0.5385     0.7692               0.1455
response_a semantic_retrieval@matched 39        826.3846             0.6187                    0.3726          0.6068              0.1282       322.5385     0.7846    0.6769     0.8846               0.1240
response_b               full_history 39       6662.0000             0.1341                    0.8612          1.0000              0.1538       258.0513     0.8051    0.7077     0.8910               1.0000
response_b                 oracle_dag 39        854.5128             1.0000                    0.0000          1.0000              0.0513       242.5385     0.7359    0.6295     0.8359               0.1283
response_b    semantic_retrieval@1024 39        969.6154             0.3811                    0.6110          0.6008              0.1795       227.4872     0.6953    0.5940     0.7962               0.1455
response_b semantic_retrieval@matched 39        826.3846             0.6187                    0.3726          0.6068              0.0513       239.7692     0.7628    0.6641     0.8551               0.1240
response_c               full_history 39       6662.0000             0.1341                    0.8612          1.0000              0.1026       584.7692     0.9436    0.9038     0.9769               1.0000
response_c                 oracle_dag 39        854.5128             1.0000                    0.0000          1.0000              0.0000       694.5641     0.9103    0.8462     0.9615               0.1283
response_c    semantic_retrieval@1024 39        969.6154             0.3811                    0.6110          0.6008              0.0513       542.4615     0.8376    0.7543     0.9128               0.1455
response_c semantic_retrieval@matched 39        826.3846             0.6187                    0.3726          0.6068              0.0000       543.5128     0.9013    0.8449     0.9513               0.1240

== GATE: FLAT == point estimates {"response_a": -0.3748, "response_b": -0.0692, "response_c": -0.0333}
